// Jest Snapshot v1, https://goo.gl/fbAQLP

exports[`<RoleSelectionPopup /> renders role selection popup 1`] = `
<Provider
  store={
    {
      "@@observable": [Function],
      "dispatch": [Function],
      "getState": [Function],
      "replaceReducer": [Function],
      "subscribe": [Function],
    }
  }
>
  <RoleSelectionPopup
    isAddingSecondaryRole={false}
    isOpen={true}
    isPrimaryRoleAdded={false}
    onCancelClick={[Function]}
  >
    <div
      className="outer-container"
    >
      <Flyout
        cancelBtnProps={
          {
            "onClick": [Function],
            "text": "Cancel",
            "variant": "Subtle",
          }
        }
        cancelIconClick={[Function]}
        containerMaxWidth="616px"
        content={
          <div
            className="container"
          >
            <DropDown
              dropdown={
                {
                  "label": "What function are you a part of?",
                  "onChange": [Function],
                  "options": [
                    {
                      "label": "Productions",
                      "value": "1",
                    },
                    {
                      "label": "Research & Development",
                      "value": "2",
                    },
                  ],
                  "placeholder": "Select",
                  "reset": false,
                  "selectedOptions": [],
                }
              }
              id="role-selection-popup-dropdown-one"
            />
            <div
              className="space-v-16"
            />
            <DropDown
              dropdown={
                {
                  "label": "What sub-function are you a part of?",
                  "onChange": [Function],
                  "options": [
                    {
                      "label": "Manufacturing",
                      "value": "1",
                    },
                    {
                      "label": "Research & Development",
                      "value": "2",
                    },
                  ],
                  "placeholder": "Select",
                  "reset": false,
                  "selectedOptions": [],
                }
              }
              id="role-selection-popup-dropdown-two"
            />
            <div
              className="space-v-16"
            />
            <DropDown
              dropdown={
                {
                  "isDisabled": false,
                  "label": "What location are you based in?",
                  "onChange": [Function],
                  "options": [
                    {
                      "label": "APAC",
                      "subOption": [
                        {
                          "label": "PACIFIC",
                          "subOption": [
                            {
                              "label": "Australia",
                              "subOption": [
                                {
                                  "label": "Australia Site1",
                                  "subOption": [],
                                  "typeId": "4",
                                  "value": "32",
                                },
                              ],
                              "typeId": "3",
                              "value": "19",
                            },
                            {
                              "label": "Fiji",
                              "subOption": [
                                {
                                  "label": "Fiji Site1",
                                  "subOption": [],
                                  "typeId": "4",
                                  "value": "33",
                                },
                              ],
                              "typeId": "3",
                              "value": "20",
                            },
                          ],
                          "typeId": "2",
                          "value": "10",
                        },
                      ],
                      "typeId": "1",
                      "value": "5",
                    },
                  ],
                  "placeholder": "Select",
                  "reset": false,
                  "selectedOptions": [],
                  "size": "L",
                  "type": "tree",
                }
              }
              id="role-selection-popup-dropdown-three"
              searchInput={
                {
                  "searchPlaceholder": "Search",
                  "searchSize": "S",
                  "searchWholeString": true,
                }
              }
            />
            <div
              className="space-v-16"
            />
          </div>
        }
        direction="right"
        flyoutOpen={true}
        heading="Add Primary Role"
        iconForCancel={
          {
            "icon": "x-close",
            "onClick": [Function],
          }
        }
        id="role-selection-flyout"
        onBackDropClick={[Function]}
        primaryBtnProps={
          {
            "disabled": true,
            "loading": false,
            "onClick": [Function],
            "text": "Request Access",
          }
        }
        subHeading="You can add a new role from here."
      >
        <div
          className="flyout-overlay right open "
          data-testid="fly-out"
          id="role-selection-flyout"
        >
          <div
            className="flyout-container"
            style={
              {
                "backgroundColor": "#ffffff",
                "maxWidth": "616px",
              }
            }
          >
            <div
              className="flyout-header"
            >
              <div
                className="flyout-header-main"
              >
                <span
                  className="flyout-header-main-text"
                >
                  Add Primary Role
                </span>
                <span
                  className="flyout-header-main-close-circle"
                >
                  <IconButton
                    disabled={false}
                    icon="x-close"
                    onClick={[Function]}
                    size="Tiny"
                  >
                    <Button
                      disabled={false}
                      icon="x-close"
                      iconSize="Tiny"
                      isIconOnly={true}
                      onClick={[Function]}
                    >
                      <button
                        className="button-container-l button-primary false icon-only icon-only-tiny false false button-container-l-primary  "
                        disabled={false}
                        onClick={[Function]}
                        style={{}}
                      >
                        <div
                          className="button-icon-container "
                        >
                          <Icon
                            color="black-color"
                            name="x-close"
                            size="m"
                          >
                            <svg
                              fill="none"
                              height={12}
                              viewBox="0 0 24 24"
                              width={12}
                              xmlns="http://www.w3.org/2000/svg"
                            >
                              <path
                                clipRule="evenodd"
                                d="M5.29289 5.29289C5.68342 4.90237 6.31658 4.90237 6.70711 5.29289L12 10.5858L17.2929 5.29289C17.6834 4.90237 18.3166 4.90237 18.7071 5.29289C19.0976 5.68342 19.0976 6.31658 18.7071 6.70711L13.4142 12L18.7071 17.2929C19.0976 17.6834 19.0976 18.3166 18.7071 18.7071C18.3166 19.0976 17.6834 19.0976 17.2929 18.7071L12 13.4142L6.70711 18.7071C6.31658 19.0976 5.68342 19.0976 5.29289 18.7071C4.90237 18.3166 4.90237 17.6834 5.29289 17.2929L10.5858 12L5.29289 6.70711C4.90237 6.31658 4.90237 5.68342 5.29289 5.29289Z"
                                fill="#000000"
                                fillRule="evenodd"
                              />
                            </svg>
                          </Icon>
                        </div>
                      </button>
                    </Button>
                  </IconButton>
                </span>
              </div>
              <div
                className="space-v-16"
              />
              <div
                className="flyout-header-sub"
              >
                You can add a new role from here.
              </div>
            </div>
            <div
              className="flyout-body"
            >
              <div
                className="container"
              >
                <DropDown
                  dropdown={
                    {
                      "label": "What function are you a part of?",
                      "onChange": [Function],
                      "options": [
                        {
                          "label": "Productions",
                          "value": "1",
                        },
                        {
                          "label": "Research & Development",
                          "value": "2",
                        },
                      ],
                      "placeholder": "Select",
                      "reset": false,
                      "selectedOptions": [],
                    }
                  }
                  id="role-selection-popup-dropdown-one"
                >
                  <div
                    className="input-dropdown dropdown-component "
                    data-testid="drop-down"
                    id="role-selection-popup-dropdown-one"
                  >
                    <div
                      className="dropdown-container undefined radio"
                      onClick={[Function]}
                    >
                      <div
                        className="drop-down   "
                      >
                        <InputField
                          captionMessageType="default"
                          isDisabled={false}
                          isReadonly={true}
                          label="What function are you a part of?"
                          onChange={[Function]}
                          rightIcon="chevron-down"
                          size="L"
                          value="Select"
                        >
                          <div
                            className="inputfield-outer-container "
                          >
                            <span
                              className="inputfield-label-container"
                            >
                              What function are you a part of?
                               
                            </span>
                            <div
                              className="inputfield-container inputfield-container-l  false"
                            >
                              <input
                                className="inputfield-text-container "
                                disabled={false}
                                onChange={[Function]}
                                readOnly={true}
                                type="text"
                                value="Select"
                              />
                              <button
                                className="inputfield-icon-container"
                              >
                                <div
                                  className="space-h-4"
                                />
                                <Icon
                                  color="neutrals-B100"
                                  name="chevron-down"
                                  size="l"
                                >
                                  <svg
                                    fill="none"
                                    height={20}
                                    viewBox="0 0 24 24"
                                    width={20}
                                    xmlns="http://www.w3.org/2000/svg"
                                  >
                                    <path
                                      clipRule="evenodd"
                                      d="M5.29289 8.29289C5.68342 7.90237 6.31658 7.90237 6.70711 8.29289L12 13.5858L17.2929 8.29289C17.6834 7.90237 18.3166 7.90237 18.7071 8.29289C19.0976 8.68342 19.0976 9.31658 18.7071 9.70711L12.7071 15.7071C12.3166 16.0976 11.6834 16.0976 11.2929 15.7071L5.29289 9.70711C4.90237 9.31658 4.90237 8.68342 5.29289 8.29289Z"
                                      fill="#757575"
                                      fillRule="evenodd"
                                    />
                                  </svg>
                                </Icon>
                              </button>
                            </div>
                          </div>
                        </InputField>
                      </div>
                    </div>
                    <style>
                      
        @keyframes fadeSlideUp {
          from {
            opacity: 0;
            transform: translateY(0px); /* Slide up dynamically */
          }
          to {
            opacity: 1;
            transform: translateY(0);
          }
        }
   
        @keyframes fadeSlideDown {
          from {
            opacity: 0;
            transform: translateY(-0px); /* Slide down dynamically */
          }
          to {
            opacity: 1;
            transform: translateY(0);
          }
        }
      
                    </style>
                  </div>
                </DropDown>
                <div
                  className="space-v-16"
                />
                <DropDown
                  dropdown={
                    {
                      "label": "What sub-function are you a part of?",
                      "onChange": [Function],
                      "options": [
                        {
                          "label": "Manufacturing",
                          "value": "1",
                        },
                        {
                          "label": "Research & Development",
                          "value": "2",
                        },
                      ],
                      "placeholder": "Select",
                      "reset": false,
                      "selectedOptions": [],
                    }
                  }
                  id="role-selection-popup-dropdown-two"
                >
                  <div
                    className="input-dropdown dropdown-component "
                    data-testid="drop-down"
                    id="role-selection-popup-dropdown-two"
                  >
                    <div
                      className="dropdown-container undefined radio"
                      onClick={[Function]}
                    >
                      <div
                        className="drop-down   "
                      >
                        <InputField
                          captionMessageType="default"
                          isDisabled={false}
                          isReadonly={true}
                          label="What sub-function are you a part of?"
                          onChange={[Function]}
                          rightIcon="chevron-down"
                          size="L"
                          value="Select"
                        >
                          <div
                            className="inputfield-outer-container "
                          >
                            <span
                              className="inputfield-label-container"
                            >
                              What sub-function are you a part of?
                               
                            </span>
                            <div
                              className="inputfield-container inputfield-container-l  false"
                            >
                              <input
                                className="inputfield-text-container "
                                disabled={false}
                                onChange={[Function]}
                                readOnly={true}
                                type="text"
                                value="Select"
                              />
                              <button
                                className="inputfield-icon-container"
                              >
                                <div
                                  className="space-h-4"
                                />
                                <Icon
                                  color="neutrals-B100"
                                  name="chevron-down"
                                  size="l"
                                >
                                  <svg
                                    fill="none"
                                    height={20}
                                    viewBox="0 0 24 24"
                                    width={20}
                                    xmlns="http://www.w3.org/2000/svg"
                                  >
                                    <path
                                      clipRule="evenodd"
                                      d="M5.29289 8.29289C5.68342 7.90237 6.31658 7.90237 6.70711 8.29289L12 13.5858L17.2929 8.29289C17.6834 7.90237 18.3166 7.90237 18.7071 8.29289C19.0976 8.68342 19.0976 9.31658 18.7071 9.70711L12.7071 15.7071C12.3166 16.0976 11.6834 16.0976 11.2929 15.7071L5.29289 9.70711C4.90237 9.31658 4.90237 8.68342 5.29289 8.29289Z"
                                      fill="#757575"
                                      fillRule="evenodd"
                                    />
                                  </svg>
                                </Icon>
                              </button>
                            </div>
                          </div>
                        </InputField>
                      </div>
                    </div>
                    <style>
                      
        @keyframes fadeSlideUp {
          from {
            opacity: 0;
            transform: translateY(0px); /* Slide up dynamically */
          }
          to {
            opacity: 1;
            transform: translateY(0);
          }
        }
   
        @keyframes fadeSlideDown {
          from {
            opacity: 0;
            transform: translateY(-0px); /* Slide down dynamically */
          }
          to {
            opacity: 1;
            transform: translateY(0);
          }
        }
      
                    </style>
                  </div>
                </DropDown>
                <div
                  className="space-v-16"
                />
                <DropDown
                  dropdown={
                    {
                      "isDisabled": false,
                      "label": "What location are you based in?",
                      "onChange": [Function],
                      "options": [
                        {
                          "label": "APAC",
                          "subOption": [
                            {
                              "label": "PACIFIC",
                              "subOption": [
                                {
                                  "label": "Australia",
                                  "subOption": [
                                    {
                                      "label": "Australia Site1",
                                      "subOption": [],
                                      "typeId": "4",
                                      "value": "32",
                                    },
                                  ],
                                  "typeId": "3",
                                  "value": "19",
                                },
                                {
                                  "label": "Fiji",
                                  "subOption": [
                                    {
                                      "label": "Fiji Site1",
                                      "subOption": [],
                                      "typeId": "4",
                                      "value": "33",
                                    },
                                  ],
                                  "typeId": "3",
                                  "value": "20",
                                },
                              ],
                              "typeId": "2",
                              "value": "10",
                            },
                          ],
                          "typeId": "1",
                          "value": "5",
                        },
                      ],
                      "placeholder": "Select",
                      "reset": false,
                      "selectedOptions": [],
                      "size": "L",
                      "type": "tree",
                    }
                  }
                  id="role-selection-popup-dropdown-three"
                  key="normal"
                  searchInput={
                    {
                      "searchPlaceholder": "Search",
                      "searchSize": "S",
                      "searchWholeString": true,
                    }
                  }
                >
                  <div
                    className="input-dropdown dropdown-component "
                    data-testid="drop-down"
                    id="role-selection-popup-dropdown-three"
                  >
                    <div
                      className="dropdown-container false tree"
                      onClick={[Function]}
                    >
                      <div
                        className="drop-down   "
                      >
                        <InputField
                          captionMessageType="default"
                          isDisabled={false}
                          isReadonly={true}
                          label="What location are you based in?"
                          onChange={[Function]}
                          rightIcon="chevron-down"
                          size="L"
                          value="Select"
                        >
                          <div
                            className="inputfield-outer-container "
                          >
                            <span
                              className="inputfield-label-container"
                            >
                              What location are you based in?
                               
                            </span>
                            <div
                              className="inputfield-container inputfield-container-l  false"
                            >
                              <input
                                className="inputfield-text-container "
                                disabled={false}
                                onChange={[Function]}
                                readOnly={true}
                                type="text"
                                value="Select"
                              />
                              <button
                                className="inputfield-icon-container"
                              >
                                <div
                                  className="space-h-4"
                                />
                                <Icon
                                  color="neutrals-B100"
                                  name="chevron-down"
                                  size="l"
                                >
                                  <svg
                                    fill="none"
                                    height={20}
                                    viewBox="0 0 24 24"
                                    width={20}
                                    xmlns="http://www.w3.org/2000/svg"
                                  >
                                    <path
                                      clipRule="evenodd"
                                      d="M5.29289 8.29289C5.68342 7.90237 6.31658 7.90237 6.70711 8.29289L12 13.5858L17.2929 8.29289C17.6834 7.90237 18.3166 7.90237 18.7071 8.29289C19.0976 8.68342 19.0976 9.31658 18.7071 9.70711L12.7071 15.7071C12.3166 16.0976 11.6834 16.0976 11.2929 15.7071L5.29289 9.70711C4.90237 9.31658 4.90237 8.68342 5.29289 8.29289Z"
                                      fill="#757575"
                                      fillRule="evenodd"
                                    />
                                  </svg>
                                </Icon>
                              </button>
                            </div>
                          </div>
                        </InputField>
                      </div>
                    </div>
                    <style>
                      
        @keyframes fadeSlideUp {
          from {
            opacity: 0;
            transform: translateY(0px); /* Slide up dynamically */
          }
          to {
            opacity: 1;
            transform: translateY(0);
          }
        }
   
        @keyframes fadeSlideDown {
          from {
            opacity: 0;
            transform: translateY(-0px); /* Slide down dynamically */
          }
          to {
            opacity: 1;
            transform: translateY(0);
          }
        }
      
                    </style>
                  </div>
                </DropDown>
                <div
                  className="space-v-16"
                />
              </div>
            </div>
            <div
              className="flyout-footer"
              style={
                {
                  "backgroundColor": "#ffffff",
                }
              }
            >
              <Button
                onClick={[Function]}
                text="Cancel"
                variant="Subtle"
              >
                <button
                  className="button-container-l button-subtle false false false false button-container-l-subtle  "
                  disabled={false}
                  onClick={[Function]}
                  style={{}}
                >
                  <span
                    className="button-text"
                  >
                    Cancel
                  </span>
                </button>
              </Button>
              <div
                className="flyout-footer-btn-container"
              >
                <div
                  className="space-h-16"
                />
                <Button
                  disabled={true}
                  loading={false}
                  onClick={[Function]}
                  text="Request Access"
                >
                  <button
                    className="button-container-l button-primary button-primary-disabled false false false button-container-l-primary  "
                    disabled={true}
                    onClick={[Function]}
                    style={{}}
                  >
                    <span
                      className="button-text"
                    >
                      Request Access
                    </span>
                  </button>
                </Button>
              </div>
            </div>
          </div>
        </div>
      </Flyout>
      <Toast
        distance="x5l"
        message="Role Request Sent"
        mode="Top Right"
        onCloseToast={[Function]}
        timer={5000}
        toggle={false}
        type="Success"
      >
        <Portal
          containerInfo={
            <body>
              <div
                class="toast-wrapper toast-hide-ease-top-right "
                style="top: 40pt; right: 8pt;"
              >
                <div
                  class="toast-container toast-success"
                  role="alert"
                >
                  <div>
                    <svg
                      fill="none"
                      height="20"
                      viewBox="0 0 24 24"
                      width="20"
                      xmlns="http://www.w3.org/2000/svg"
                    >
                      <path
                        d="M12.815 22c5.461 0 9.93-4.5 9.93-10s-4.469-10-9.93-10c-5.462 0-9.93 4.5-9.93 10s4.468 10 9.93 10z"
                        stroke="#6CC24A"
                        stroke-linecap="round"
                        stroke-linejoin="round"
                        stroke-width="1.5"
                      />
                      <path
                        d="m8.594 12 2.81 2.83 5.63-5.66"
                        stroke="#6CC24A"
                        stroke-linecap="round"
                        stroke-linejoin="round"
                        stroke-width="1.5"
                      />
                    </svg>
                  </div>
                  <div
                    class="space-h-8"
                  />
                  <div
                    class="toast-message-container"
                  >
                    <span
                      class="toast-message"
                    >
                      Role Request Sent
                    </span>
                  </div>
                  <div
                    class="space-h-8"
                  />
                  <div
                    class="toast-close-btn"
                    data-testid="close-btn-test"
                  >
                    <svg
                      fill="none"
                      height="16"
                      viewBox="0 0 24 24"
                      width="16"
                      xmlns="http://www.w3.org/2000/svg"
                    >
                      <path
                        clip-rule="evenodd"
                        d="M5.29289 5.29289C5.68342 4.90237 6.31658 4.90237 6.70711 5.29289L12 10.5858L17.2929 5.29289C17.6834 4.90237 18.3166 4.90237 18.7071 5.29289C19.0976 5.68342 19.0976 6.31658 18.7071 6.70711L13.4142 12L18.7071 17.2929C19.0976 17.6834 19.0976 18.3166 18.7071 18.7071C18.3166 19.0976 17.6834 19.0976 17.2929 18.7071L12 13.4142L6.70711 18.7071C6.31658 19.0976 5.68342 19.0976 5.29289 18.7071C4.90237 18.3166 4.90237 17.6834 5.29289 17.2929L10.5858 12L5.29289 6.70711C4.90237 6.31658 4.90237 5.68342 5.29289 5.29289Z"
                        fill="#4A4A4A"
                        fill-rule="evenodd"
                      />
                    </svg>
                  </div>
                </div>
              </div>
              <div
                class="toast-wrapper toast-hide-ease-top-right "
                style="top: 40pt; right: 8pt;"
              >
                <div
                  class="toast-container toast-error"
                  role="alert"
                >
                  <div>
                    <svg
                      fill="none"
                      height="20"
                      viewBox="0 0 19 20"
                      width="20"
                      xmlns="http://www.w3.org/2000/svg"
                    >
                      <path
                        clip-rule="evenodd"
                        d="M3.78368 5.31857C2.75732 6.60163 2.1436 8.22913 2.1436 9.99998C2.1436 14.1421 5.50146 17.5 9.64359 17.5C11.4144 17.5 13.0419 16.8863 14.325 15.8599L3.78368 5.31857ZM4.96219 4.14006L15.5035 14.6814C16.5299 13.3983 17.1436 11.7708 17.1436 9.99998C17.1436 5.85784 13.7857 2.49998 9.64359 2.49998C7.87275 2.49998 6.24525 3.11371 4.96219 4.14006ZM0.476929 9.99998C0.476929 4.93737 4.58098 0.833313 9.64359 0.833313C14.7062 0.833313 18.8103 4.93737 18.8103 9.99998C18.8103 15.0626 14.7062 19.1666 9.64359 19.1666C4.58098 19.1666 0.476929 15.0626 0.476929 9.99998Z"
                        fill="#EF7171"
                        fill-rule="evenodd"
                      />
                    </svg>
                  </div>
                  <div
                    class="space-h-8"
                  />
                  <div
                    class="toast-message-container"
                  >
                    <span
                      class="toast-message"
                    >
                      Failed to send request. Please try again.
                    </span>
                  </div>
                  <div
                    class="space-h-8"
                  />
                  <div
                    class="toast-close-btn"
                    data-testid="close-btn-test"
                  >
                    <svg
                      fill="none"
                      height="16"
                      viewBox="0 0 24 24"
                      width="16"
                      xmlns="http://www.w3.org/2000/svg"
                    >
                      <path
                        clip-rule="evenodd"
                        d="M5.29289 5.29289C5.68342 4.90237 6.31658 4.90237 6.70711 5.29289L12 10.5858L17.2929 5.29289C17.6834 4.90237 18.3166 4.90237 18.7071 5.29289C19.0976 5.68342 19.0976 6.31658 18.7071 6.70711L13.4142 12L18.7071 17.2929C19.0976 17.6834 19.0976 18.3166 18.7071 18.7071C18.3166 19.0976 17.6834 19.0976 17.2929 18.7071L12 13.4142L6.70711 18.7071C6.31658 19.0976 5.68342 19.0976 5.29289 18.7071C4.90237 18.3166 4.90237 17.6834 5.29289 17.2929L10.5858 12L5.29289 6.70711C4.90237 6.31658 4.90237 5.68342 5.29289 5.29289Z"
                        fill="#4A4A4A"
                        fill-rule="evenodd"
                      />
                    </svg>
                  </div>
                </div>
              </div>
            </body>
          }
        >
          <div
            className="toast-wrapper toast-hide-ease-top-right "
            style={
              {
                "right": "8pt",
                "top": "40pt",
              }
            }
          >
            <div
              className="toast-container toast-success"
              role="alert"
            >
              <div>
                <Icon
                  color="toast-success-border-color"
                  name="check-circle"
                  size="l"
                >
                  <svg
                    fill="none"
                    height={20}
                    viewBox="0 0 24 24"
                    width={20}
                    xmlns="http://www.w3.org/2000/svg"
                  >
                    <path
                      d="M12.815 22c5.461 0 9.93-4.5 9.93-10s-4.469-10-9.93-10c-5.462 0-9.93 4.5-9.93 10s4.468 10 9.93 10z"
                      stroke="#6CC24A"
                      strokeLinecap="round"
                      strokeLinejoin="round"
                      strokeWidth="1.5"
                    />
                    <path
                      d="m8.594 12 2.81 2.83 5.63-5.66"
                      stroke="#6CC24A"
                      strokeLinecap="round"
                      strokeLinejoin="round"
                      strokeWidth="1.5"
                    />
                  </svg>
                </Icon>
              </div>
              <div
                className="space-h-8"
              />
              <div
                className="toast-message-container"
              >
                <span
                  className="toast-message"
                >
                  Role Request Sent
                </span>
              </div>
              <div
                className="space-h-8"
              />
              <div
                className="toast-close-btn"
                data-testid="close-btn-test"
                onClick={[Function]}
              >
                <Icon
                  color="neutrals-B400"
                  name="x-close"
                  size="xm"
                >
                  <svg
                    fill="none"
                    height={16}
                    viewBox="0 0 24 24"
                    width={16}
                    xmlns="http://www.w3.org/2000/svg"
                  >
                    <path
                      clipRule="evenodd"
                      d="M5.29289 5.29289C5.68342 4.90237 6.31658 4.90237 6.70711 5.29289L12 10.5858L17.2929 5.29289C17.6834 4.90237 18.3166 4.90237 18.7071 5.29289C19.0976 5.68342 19.0976 6.31658 18.7071 6.70711L13.4142 12L18.7071 17.2929C19.0976 17.6834 19.0976 18.3166 18.7071 18.7071C18.3166 19.0976 17.6834 19.0976 17.2929 18.7071L12 13.4142L6.70711 18.7071C6.31658 19.0976 5.68342 19.0976 5.29289 18.7071C4.90237 18.3166 4.90237 17.6834 5.29289 17.2929L10.5858 12L5.29289 6.70711C4.90237 6.31658 4.90237 5.68342 5.29289 5.29289Z"
                      fill="#4A4A4A"
                      fillRule="evenodd"
                    />
                  </svg>
                </Icon>
              </div>
            </div>
          </div>
        </Portal>
      </Toast>
      <Toast
        distance="x5l"
        message="Failed to send request. Please try again."
        mode="Top Right"
        onCloseToast={[Function]}
        timer={5000}
        toggle={false}
        type="Error"
      >
        <Portal
          containerInfo={
            <body>
              <div
                class="toast-wrapper toast-hide-ease-top-right "
                style="top: 40pt; right: 8pt;"
              >
                <div
                  class="toast-container toast-success"
                  role="alert"
                >
                  <div>
                    <svg
                      fill="none"
                      height="20"
                      viewBox="0 0 24 24"
                      width="20"
                      xmlns="http://www.w3.org/2000/svg"
                    >
                      <path
                        d="M12.815 22c5.461 0 9.93-4.5 9.93-10s-4.469-10-9.93-10c-5.462 0-9.93 4.5-9.93 10s4.468 10 9.93 10z"
                        stroke="#6CC24A"
                        stroke-linecap="round"
                        stroke-linejoin="round"
                        stroke-width="1.5"
                      />
                      <path
                        d="m8.594 12 2.81 2.83 5.63-5.66"
                        stroke="#6CC24A"
                        stroke-linecap="round"
                        stroke-linejoin="round"
                        stroke-width="1.5"
                      />
                    </svg>
                  </div>
                  <div
                    class="space-h-8"
                  />
                  <div
                    class="toast-message-container"
                  >
                    <span
                      class="toast-message"
                    >
                      Role Request Sent
                    </span>
                  </div>
                  <div
                    class="space-h-8"
                  />
                  <div
                    class="toast-close-btn"
                    data-testid="close-btn-test"
                  >
                    <svg
                      fill="none"
                      height="16"
                      viewBox="0 0 24 24"
                      width="16"
                      xmlns="http://www.w3.org/2000/svg"
                    >
                      <path
                        clip-rule="evenodd"
                        d="M5.29289 5.29289C5.68342 4.90237 6.31658 4.90237 6.70711 5.29289L12 10.5858L17.2929 5.29289C17.6834 4.90237 18.3166 4.90237 18.7071 5.29289C19.0976 5.68342 19.0976 6.31658 18.7071 6.70711L13.4142 12L18.7071 17.2929C19.0976 17.6834 19.0976 18.3166 18.7071 18.7071C18.3166 19.0976 17.6834 19.0976 17.2929 18.7071L12 13.4142L6.70711 18.7071C6.31658 19.0976 5.68342 19.0976 5.29289 18.7071C4.90237 18.3166 4.90237 17.6834 5.29289 17.2929L10.5858 12L5.29289 6.70711C4.90237 6.31658 4.90237 5.68342 5.29289 5.29289Z"
                        fill="#4A4A4A"
                        fill-rule="evenodd"
                      />
                    </svg>
                  </div>
                </div>
              </div>
              <div
                class="toast-wrapper toast-hide-ease-top-right "
                style="top: 40pt; right: 8pt;"
              >
                <div
                  class="toast-container toast-error"
                  role="alert"
                >
                  <div>
                    <svg
                      fill="none"
                      height="20"
                      viewBox="0 0 19 20"
                      width="20"
                      xmlns="http://www.w3.org/2000/svg"
                    >
                      <path
                        clip-rule="evenodd"
                        d="M3.78368 5.31857C2.75732 6.60163 2.1436 8.22913 2.1436 9.99998C2.1436 14.1421 5.50146 17.5 9.64359 17.5C11.4144 17.5 13.0419 16.8863 14.325 15.8599L3.78368 5.31857ZM4.96219 4.14006L15.5035 14.6814C16.5299 13.3983 17.1436 11.7708 17.1436 9.99998C17.1436 5.85784 13.7857 2.49998 9.64359 2.49998C7.87275 2.49998 6.24525 3.11371 4.96219 4.14006ZM0.476929 9.99998C0.476929 4.93737 4.58098 0.833313 9.64359 0.833313C14.7062 0.833313 18.8103 4.93737 18.8103 9.99998C18.8103 15.0626 14.7062 19.1666 9.64359 19.1666C4.58098 19.1666 0.476929 15.0626 0.476929 9.99998Z"
                        fill="#EF7171"
                        fill-rule="evenodd"
                      />
                    </svg>
                  </div>
                  <div
                    class="space-h-8"
                  />
                  <div
                    class="toast-message-container"
                  >
                    <span
                      class="toast-message"
                    >
                      Failed to send request. Please try again.
                    </span>
                  </div>
                  <div
                    class="space-h-8"
                  />
                  <div
                    class="toast-close-btn"
                    data-testid="close-btn-test"
                  >
                    <svg
                      fill="none"
                      height="16"
                      viewBox="0 0 24 24"
                      width="16"
                      xmlns="http://www.w3.org/2000/svg"
                    >
                      <path
                        clip-rule="evenodd"
                        d="M5.29289 5.29289C5.68342 4.90237 6.31658 4.90237 6.70711 5.29289L12 10.5858L17.2929 5.29289C17.6834 4.90237 18.3166 4.90237 18.7071 5.29289C19.0976 5.68342 19.0976 6.31658 18.7071 6.70711L13.4142 12L18.7071 17.2929C19.0976 17.6834 19.0976 18.3166 18.7071 18.7071C18.3166 19.0976 17.6834 19.0976 17.2929 18.7071L12 13.4142L6.70711 18.7071C6.31658 19.0976 5.68342 19.0976 5.29289 18.7071C4.90237 18.3166 4.90237 17.6834 5.29289 17.2929L10.5858 12L5.29289 6.70711C4.90237 6.31658 4.90237 5.68342 5.29289 5.29289Z"
                        fill="#4A4A4A"
                        fill-rule="evenodd"
                      />
                    </svg>
                  </div>
                </div>
              </div>
            </body>
          }
        >
          <div
            className="toast-wrapper toast-hide-ease-top-right "
            style={
              {
                "right": "8pt",
                "top": "40pt",
              }
            }
          >
            <div
              className="toast-container toast-error"
              role="alert"
            >
              <div>
                <Icon
                  color="toast-error-border-color"
                  name="slash-circle"
                  size="l"
                >
                  <svg
                    fill="none"
                    height={20}
                    viewBox="0 0 19 20"
                    width={20}
                    xmlns="http://www.w3.org/2000/svg"
                  >
                    <path
                      clipRule="evenodd"
                      d="M3.78368 5.31857C2.75732 6.60163 2.1436 8.22913 2.1436 9.99998C2.1436 14.1421 5.50146 17.5 9.64359 17.5C11.4144 17.5 13.0419 16.8863 14.325 15.8599L3.78368 5.31857ZM4.96219 4.14006L15.5035 14.6814C16.5299 13.3983 17.1436 11.7708 17.1436 9.99998C17.1436 5.85784 13.7857 2.49998 9.64359 2.49998C7.87275 2.49998 6.24525 3.11371 4.96219 4.14006ZM0.476929 9.99998C0.476929 4.93737 4.58098 0.833313 9.64359 0.833313C14.7062 0.833313 18.8103 4.93737 18.8103 9.99998C18.8103 15.0626 14.7062 19.1666 9.64359 19.1666C4.58098 19.1666 0.476929 15.0626 0.476929 9.99998Z"
                      fill="#EF7171"
                      fillRule="evenodd"
                    />
                  </svg>
                </Icon>
              </div>
              <div
                className="space-h-8"
              />
              <div
                className="toast-message-container"
              >
                <span
                  className="toast-message"
                >
                  Failed to send request. Please try again.
                </span>
              </div>
              <div
                className="space-h-8"
              />
              <div
                className="toast-close-btn"
                data-testid="close-btn-test"
                onClick={[Function]}
              >
                <Icon
                  color="neutrals-B400"
                  name="x-close"
                  size="xm"
                >
                  <svg
                    fill="none"
                    height={16}
                    viewBox="0 0 24 24"
                    width={16}
                    xmlns="http://www.w3.org/2000/svg"
                  >
                    <path
                      clipRule="evenodd"
                      d="M5.29289 5.29289C5.68342 4.90237 6.31658 4.90237 6.70711 5.29289L12 10.5858L17.2929 5.29289C17.6834 4.90237 18.3166 4.90237 18.7071 5.29289C19.0976 5.68342 19.0976 6.31658 18.7071 6.70711L13.4142 12L18.7071 17.2929C19.0976 17.6834 19.0976 18.3166 18.7071 18.7071C18.3166 19.0976 17.6834 19.0976 17.2929 18.7071L12 13.4142L6.70711 18.7071C6.31658 19.0976 5.68342 19.0976 5.29289 18.7071C4.90237 18.3166 4.90237 17.6834 5.29289 17.2929L10.5858 12L5.29289 6.70711C4.90237 6.31658 4.90237 5.68342 5.29289 5.29289Z"
                      fill="#4A4A4A"
                      fillRule="evenodd"
                    />
                  </svg>
                </Icon>
              </div>
            </div>
          </div>
        </Portal>
      </Toast>
    </div>
  </RoleSelectionPopup>
</Provider>
`;
